Analysis & Elaboration report for clap
Thu Dec 29 17:20:19 2016
Quartus Prime Version 16.1.0 Build 196 10/24/2016 SJ Lite Edition


---------------------
; Table of Contents ;
---------------------
  1. Legal Notice
  2. Analysis & Elaboration Summary
  3. Parallel Compilation
  4. Parameter Settings for User Entity Instance: GetSignal:GetSignal_inst
  5. Parameter Settings for User Entity Instance: GetSignal:GetSignal_inst|spimaster:spimaster_inst
  6. Parameter Settings for User Entity Instance: GetSignal:GetSignal_inst|driver:driver_inst
  7. Parameter Settings for User Entity Instance: GetSignal:GetSignal_inst|fifo:fifo_inst
  8. Parameter Settings for User Entity Instance: ComputeEnergy:ComputeEnergy_inst
  9. Parameter Settings for User Entity Instance: DetermineClap:DetermineClap_inst
 10. Analysis & Elaboration Settings
 11. Port Connectivity Checks: "DetermineClap:DetermineClap_inst"
 12. Port Connectivity Checks: "GetSignal:GetSignal_inst|fifo:fifo_inst"
 13. Port Connectivity Checks: "GetSignal:GetSignal_inst"
 14. Analysis & Elaboration Messages
 15. Analysis & Elaboration Suppressed Messages



----------------
; Legal Notice ;
----------------
Copyright (C) 2016  Intel Corporation. All rights reserved.
Your use of Intel Corporation's design tools, logic functions 
and other software and tools, and its AMPP partner logic 
functions, and any output files from any of the foregoing 
(including device programming or simulation files), and any 
associated documentation or information are expressly subject 
to the terms and conditions of the Intel Program License 
Subscription Agreement, the Intel Quartus Prime License Agreement,
the Intel MegaCore Function License Agreement, or other 
applicable license agreement, including, without limitation, 
that your use is for the sole purpose of programming logic 
devices manufactured by Intel and sold by Intel or its 
authorized distributors.  Please refer to the applicable 
agreement for further details.



+----------------------------------------------------------------------------------+
; Analysis & Elaboration Summary                                                   ;
+------------------------------------+---------------------------------------------+
; Analysis & Elaboration Status      ; Successful - Thu Dec 29 17:20:19 2016       ;
; Quartus Prime Version              ; 16.1.0 Build 196 10/24/2016 SJ Lite Edition ;
; Revision Name                      ; clap                                        ;
; Top-level Entity Name              ; top2                                        ;
; Family                             ; Cyclone IV E                                ;
; Total logic elements               ; N/A until Partition Merge                   ;
;     Total combinational functions  ; N/A until Partition Merge                   ;
;     Dedicated logic registers      ; N/A until Partition Merge                   ;
; Total registers                    ; N/A until Partition Merge                   ;
; Total pins                         ; N/A until Partition Merge                   ;
; Total virtual pins                 ; N/A until Partition Merge                   ;
; Total memory bits                  ; N/A until Partition Merge                   ;
; Embedded Multiplier 9-bit elements ; N/A until Partition Merge                   ;
; Total PLLs                         ; N/A until Partition Merge                   ;
+------------------------------------+---------------------------------------------+


+------------------------------------------+
; Parallel Compilation                     ;
+----------------------------+-------------+
; Processors                 ; Number      ;
+----------------------------+-------------+
; Number detected on machine ; 4           ;
; Maximum allowed            ; 2           ;
;                            ;             ;
; Average used               ; 1.00        ;
; Maximum used               ; 1           ;
;                            ;             ;
; Usage by Processor         ; % Time Used ;
;     Processor 1            ; 100.0%      ;
+----------------------------+-------------+


+-----------------------------------------------------------------------+
; Parameter Settings for User Entity Instance: GetSignal:GetSignal_inst ;
+------------------------+-------+--------------------------------------+
; Parameter Name         ; Value ; Type                                 ;
+------------------------+-------+--------------------------------------+
; CLK_TRIG               ; 2     ; Signed Integer                       ;
; GRAB_TRIG              ; 128   ; Signed Integer                       ;
; RAM_ADDR_WIDTH         ; 2     ; Signed Integer                       ;
; C_M00_AXIS_TDATA_WIDTH ; 16    ; Signed Integer                       ;
+------------------------+-------+--------------------------------------+
Note: In order to hide this table in the UI and the text report file, please set the "Show Parameter Settings in Synthesis Report" option in "Analysis and Synthesis Settings -> More Settings" to "Off".


+------------------------------------------------------------------------------------------------+
; Parameter Settings for User Entity Instance: GetSignal:GetSignal_inst|spimaster:spimaster_inst ;
+----------------+-------+-----------------------------------------------------------------------+
; Parameter Name ; Value ; Type                                                                  ;
+----------------+-------+-----------------------------------------------------------------------+
; CLK_TRIG       ; 2     ; Signed Integer                                                        ;
; SAMPLE_WIDTH   ; 16    ; Signed Integer                                                        ;
+----------------+-------+-----------------------------------------------------------------------+
Note: In order to hide this table in the UI and the text report file, please set the "Show Parameter Settings in Synthesis Report" option in "Analysis and Synthesis Settings -> More Settings" to "Off".


+------------------------------------------------------------------------------------------+
; Parameter Settings for User Entity Instance: GetSignal:GetSignal_inst|driver:driver_inst ;
+----------------+-------+-----------------------------------------------------------------+
; Parameter Name ; Value ; Type                                                            ;
+----------------+-------+-----------------------------------------------------------------+
; GRAB_TRIG      ; 128   ; Signed Integer                                                  ;
; SAMPLE_WIDTH   ; 16    ; Signed Integer                                                  ;
+----------------+-------+-----------------------------------------------------------------+
Note: In order to hide this table in the UI and the text report file, please set the "Show Parameter Settings in Synthesis Report" option in "Analysis and Synthesis Settings -> More Settings" to "Off".


+--------------------------------------------------------------------------------------+
; Parameter Settings for User Entity Instance: GetSignal:GetSignal_inst|fifo:fifo_inst ;
+----------------+-------+-------------------------------------------------------------+
; Parameter Name ; Value ; Type                                                        ;
+----------------+-------+-------------------------------------------------------------+
; RAM_ADDR_WIDTH ; 2     ; Signed Integer                                              ;
; FIFO_WIDTH     ; 16    ; Signed Integer                                              ;
+----------------+-------+-------------------------------------------------------------+
Note: In order to hide this table in the UI and the text report file, please set the "Show Parameter Settings in Synthesis Report" option in "Analysis and Synthesis Settings -> More Settings" to "Off".


+-------------------------------------------------------------------------------+
; Parameter Settings for User Entity Instance: ComputeEnergy:ComputeEnergy_inst ;
+----------------+-------+------------------------------------------------------+
; Parameter Name ; Value ; Type                                                 ;
+----------------+-------+------------------------------------------------------+
; SAMPLE_WIDTH   ; 16    ; Signed Integer                                       ;
; ENERGY_WIDTH   ; 35    ; Signed Integer                                       ;
; SIGNAL_BIAS    ; -64   ; Signed Integer                                       ;
; DURATION       ; 4     ; Signed Integer                                       ;
; LAG            ; 3     ; Signed Integer                                       ;
+----------------+-------+------------------------------------------------------+
Note: In order to hide this table in the UI and the text report file, please set the "Show Parameter Settings in Synthesis Report" option in "Analysis and Synthesis Settings -> More Settings" to "Off".


+-------------------------------------------------------------------------------+
; Parameter Settings for User Entity Instance: DetermineClap:DetermineClap_inst ;
+-------------------------+-------+---------------------------------------------+
; Parameter Name          ; Value ; Type                                        ;
+-------------------------+-------+---------------------------------------------+
; ENERGY_WIDTH            ; 35    ; Signed Integer                              ;
; ENERGY_HIGH_THRESHOLD   ; 4000  ; Signed Integer                              ;
; ENERGY_LOW_THRESHOLD    ; 2000  ; Signed Integer                              ;
; SAMPLE_HIGH_THRESHOLD   ; 4     ; Signed Integer                              ;
; SAMPLE_MIDDLE_THRESHOLD ; 8     ; Signed Integer                              ;
; SAMPLE_LOW_THRESHOLD    ; 8     ; Signed Integer                              ;
; CLAPS_SAMPLE_THRESHOLD  ; 40    ; Signed Integer                              ;
; CLAPS_OUT_WIDTH         ; 16    ; Signed Integer                              ;
+-------------------------+-------+---------------------------------------------+
Note: In order to hide this table in the UI and the text report file, please set the "Show Parameter Settings in Synthesis Report" option in "Analysis and Synthesis Settings -> More Settings" to "Off".


+----------------------------------------------------------------------------------------------------------------------+
; Analysis & Elaboration Settings                                                                                      ;
+----------------------------------------------------------------------------+--------------------+--------------------+
; Option                                                                     ; Setting            ; Default Value      ;
+----------------------------------------------------------------------------+--------------------+--------------------+
; Device                                                                     ; EP4CE22F17C6       ;                    ;
; Top-level entity name                                                      ; top2               ; clap               ;
; Family name                                                                ; Cyclone IV E       ; Cyclone V          ;
; Use smart compilation                                                      ; Off                ; Off                ;
; Enable parallel Assembler and TimeQuest Timing Analyzer during compilation ; On                 ; On                 ;
; Enable compact report table                                                ; Off                ; Off                ;
; Restructure Multiplexers                                                   ; Auto               ; Auto               ;
; Create Debugging Nodes for IP Cores                                        ; Off                ; Off                ;
; Preserve fewer node names                                                  ; On                 ; On                 ;
; OpenCore Plus hardware evaluation                                          ; Enable             ; Enable             ;
; Verilog Version                                                            ; Verilog_2001       ; Verilog_2001       ;
; VHDL Version                                                               ; VHDL_1993          ; VHDL_1993          ;
; State Machine Processing                                                   ; Auto               ; Auto               ;
; Safe State Machine                                                         ; Off                ; Off                ;
; Extract Verilog State Machines                                             ; On                 ; On                 ;
; Extract VHDL State Machines                                                ; On                 ; On                 ;
; Ignore Verilog initial constructs                                          ; Off                ; Off                ;
; Iteration limit for constant Verilog loops                                 ; 5000               ; 5000               ;
; Iteration limit for non-constant Verilog loops                             ; 250                ; 250                ;
; Add Pass-Through Logic to Inferred RAMs                                    ; On                 ; On                 ;
; Infer RAMs from Raw Logic                                                  ; On                 ; On                 ;
; Parallel Synthesis                                                         ; On                 ; On                 ;
; DSP Block Balancing                                                        ; Auto               ; Auto               ;
; NOT Gate Push-Back                                                         ; On                 ; On                 ;
; Power-Up Don't Care                                                        ; On                 ; On                 ;
; Remove Redundant Logic Cells                                               ; Off                ; Off                ;
; Remove Duplicate Registers                                                 ; On                 ; On                 ;
; Ignore CARRY Buffers                                                       ; Off                ; Off                ;
; Ignore CASCADE Buffers                                                     ; Off                ; Off                ;
; Ignore GLOBAL Buffers                                                      ; Off                ; Off                ;
; Ignore ROW GLOBAL Buffers                                                  ; Off                ; Off                ;
; Ignore LCELL Buffers                                                       ; Off                ; Off                ;
; Ignore SOFT Buffers                                                        ; On                 ; On                 ;
; Limit AHDL Integers to 32 Bits                                             ; Off                ; Off                ;
; Optimization Technique                                                     ; Balanced           ; Balanced           ;
; Carry Chain Length                                                         ; 70                 ; 70                 ;
; Auto Carry Chains                                                          ; On                 ; On                 ;
; Auto Open-Drain Pins                                                       ; On                 ; On                 ;
; Perform WYSIWYG Primitive Resynthesis                                      ; Off                ; Off                ;
; Auto ROM Replacement                                                       ; On                 ; On                 ;
; Auto RAM Replacement                                                       ; On                 ; On                 ;
; Auto DSP Block Replacement                                                 ; On                 ; On                 ;
; Auto Shift Register Replacement                                            ; Auto               ; Auto               ;
; Allow Shift Register Merging across Hierarchies                            ; Auto               ; Auto               ;
; Auto Clock Enable Replacement                                              ; On                 ; On                 ;
; Strict RAM Replacement                                                     ; Off                ; Off                ;
; Allow Synchronous Control Signals                                          ; On                 ; On                 ;
; Force Use of Synchronous Clear Signals                                     ; Off                ; Off                ;
; Auto RAM Block Balancing                                                   ; On                 ; On                 ;
; Auto RAM to Logic Cell Conversion                                          ; Off                ; Off                ;
; Auto Resource Sharing                                                      ; Off                ; Off                ;
; Allow Any RAM Size For Recognition                                         ; Off                ; Off                ;
; Allow Any ROM Size For Recognition                                         ; Off                ; Off                ;
; Allow Any Shift Register Size For Recognition                              ; Off                ; Off                ;
; Use LogicLock Constraints during Resource Balancing                        ; On                 ; On                 ;
; Ignore translate_off and synthesis_off directives                          ; Off                ; Off                ;
; Timing-Driven Synthesis                                                    ; On                 ; On                 ;
; Report Parameter Settings                                                  ; On                 ; On                 ;
; Report Source Assignments                                                  ; On                 ; On                 ;
; Report Connectivity Checks                                                 ; On                 ; On                 ;
; Ignore Maximum Fan-Out Assignments                                         ; Off                ; Off                ;
; Synchronization Register Chain Length                                      ; 2                  ; 2                  ;
; PowerPlay Power Optimization During Synthesis                              ; Normal compilation ; Normal compilation ;
; HDL message level                                                          ; Level2             ; Level2             ;
; Suppress Register Optimization Related Messages                            ; Off                ; Off                ;
; Number of Removed Registers Reported in Synthesis Report                   ; 5000               ; 5000               ;
; Number of Swept Nodes Reported in Synthesis Report                         ; 5000               ; 5000               ;
; Number of Inverted Registers Reported in Synthesis Report                  ; 100                ; 100                ;
; Clock MUX Protection                                                       ; On                 ; On                 ;
; Auto Gated Clock Conversion                                                ; Off                ; Off                ;
; Block Design Naming                                                        ; Auto               ; Auto               ;
; SDC constraint protection                                                  ; Off                ; Off                ;
; Synthesis Effort                                                           ; Auto               ; Auto               ;
; Shift Register Replacement - Allow Asynchronous Clear Signal               ; On                 ; On                 ;
; Pre-Mapping Resynthesis Optimization                                       ; Off                ; Off                ;
; Analysis & Synthesis Message Level                                         ; Medium             ; Medium             ;
; Disable Register Merging Across Hierarchies                                ; Auto               ; Auto               ;
; Resource Aware Inference For Block RAM                                     ; On                 ; On                 ;
+----------------------------------------------------------------------------+--------------------+--------------------+


+---------------------------------------------------------------------------------------------------------------------------+
; Port Connectivity Checks: "DetermineClap:DetermineClap_inst"                                                              ;
+-----------------+--------+----------+-------------------------------------------------------------------------------------+
; Port            ; Type   ; Severity ; Details                                                                             ;
+-----------------+--------+----------+-------------------------------------------------------------------------------------+
; claps_out_data  ; Output ; Info     ; Connected to dangling logic. Logic that only feeds a dangling port will be removed. ;
; claps_out_valid ; Output ; Info     ; Connected to dangling logic. Logic that only feeds a dangling port will be removed. ;
+-----------------+--------+----------+-------------------------------------------------------------------------------------+


+--------------------------------------------------------------------------------------------------------------------------------------------------------------------------------------------------------------------+
; Port Connectivity Checks: "GetSignal:GetSignal_inst|fifo:fifo_inst"                                                                                                                                                ;
+-----------+--------+----------+------------------------------------------------------------------------------------------------------------------------------------------------------------------------------------+
; Port      ; Type   ; Severity ; Details                                                                                                                                                                            ;
+-----------+--------+----------+------------------------------------------------------------------------------------------------------------------------------------------------------------------------------------+
; reset     ; Input  ; Warning  ; Input port expression (32 bits) is wider than the input port (1 bits) it drives.  The 31 most-significant bit(s) in the expression will be dangling if they have no other fanouts. ;
; reset[-1] ; Input  ; Info     ; Stuck at GND                                                                                                                                                                       ;
; in_ack    ; Output ; Info     ; Explicitly unconnected                                                                                                                                                             ;
+-----------+--------+----------+------------------------------------------------------------------------------------------------------------------------------------------------------------------------------------+


+--------------------------------------------------------------------------------------------------------------------------+
; Port Connectivity Checks: "GetSignal:GetSignal_inst"                                                                     ;
+----------------+--------+----------+-------------------------------------------------------------------------------------+
; Port           ; Type   ; Severity ; Details                                                                             ;
+----------------+--------+----------+-------------------------------------------------------------------------------------+
; m00_axis_tstrb ; Output ; Info     ; Connected to dangling logic. Logic that only feeds a dangling port will be removed. ;
+----------------+--------+----------+-------------------------------------------------------------------------------------+


+---------------------------------+
; Analysis & Elaboration Messages ;
+---------------------------------+
Info: *******************************************************************
Info: Running Quartus Prime Analysis & Elaboration
    Info: Version 16.1.0 Build 196 10/24/2016 SJ Lite Edition
    Info: Processing started: Thu Dec 29 17:20:06 2016
Info: Command: quartus_map --read_settings_files=on --write_settings_files=off clap -c clap --analysis_and_elaboration
Warning (18236): Number of processors has not been specified which may cause overloading on shared machines.  Set the global assignment NUM_PARALLEL_PROCESSORS in your QSF to an appropriate value for best performance.
Info (20030): Parallel compilation is enabled and will use 2 of the 2 processors detected
Info (12021): Found 1 design units, including 1 entities, in source file /projects/de0_nano_clap_clap_light/hdl/top.v
    Info (12023): Found entity 1: top File: C:/projects/de0_nano_clap_clap_light/hdl/top.v Line: 3
Info (12021): Found 1 design units, including 1 entities, in source file /projects/de0_nano_clap_clap_light/hdl/togglelight.v
    Info (12023): Found entity 1: ToggleLight File: C:/projects/de0_nano_clap_clap_light/hdl/ToggleLight.v Line: 3
Info (12021): Found 1 design units, including 1 entities, in source file /projects/de0_nano_clap_clap_light/hdl/determinesuccessiveclapsamount.v
    Info (12023): Found entity 1: DetermineSuccessiveClapsAmount File: C:/projects/de0_nano_clap_clap_light/hdl/DetermineSuccessiveClapsAmount.v Line: 3
Info (12021): Found 1 design units, including 1 entities, in source file /projects/de0_nano_clap_clap_light/hdl/determineclap.v
    Info (12023): Found entity 1: DetermineClap File: C:/projects/de0_nano_clap_clap_light/hdl/DetermineClap.v Line: 3
Info (12021): Found 1 design units, including 1 entities, in source file /projects/de0_nano_clap_clap_light/hdl/computeenergy.v
    Info (12023): Found entity 1: ComputeEnergy File: C:/projects/de0_nano_clap_clap_light/hdl/ComputeEnergy.v Line: 3
Info (12021): Found 1 design units, including 1 entities, in source file /projects/de0_nano_clap_clap_light/hdl/spimaster.v
    Info (12023): Found entity 1: spimaster File: C:/projects/de0_nano_clap_clap_light/hdl/spimaster.v Line: 8
Info (12021): Found 1 design units, including 1 entities, in source file /projects/de0_nano_clap_clap_light/hdl/getsignal.v
    Info (12023): Found entity 1: GetSignal File: C:/projects/de0_nano_clap_clap_light/hdl/GetSignal.v Line: 8
Info (12021): Found 1 design units, including 1 entities, in source file /projects/de0_nano_clap_clap_light/hdl/fifo.v
    Info (12023): Found entity 1: fifo File: C:/projects/de0_nano_clap_clap_light/hdl/fifo.v Line: 7
Info (12021): Found 1 design units, including 1 entities, in source file /projects/de0_nano_clap_clap_light/hdl/driver.v
    Info (12023): Found entity 1: driver File: C:/projects/de0_nano_clap_clap_light/hdl/driver.v Line: 8
Info (12021): Found 1 design units, including 1 entities, in source file /projects/de0_nano_clap_clap_light/hdl/top2.v
    Info (12023): Found entity 1: top2 File: C:/projects/de0_nano_clap_clap_light/hdl/top2.v Line: 1
Info (12127): Elaborating entity "top2" for the top level hierarchy
Warning (10034): Output port "toglite_state" at top2.v(7) has no driver File: C:/projects/de0_nano_clap_clap_light/hdl/top2.v Line: 7
Info (12128): Elaborating entity "GetSignal" for hierarchy "GetSignal:GetSignal_inst" File: C:/projects/de0_nano_clap_clap_light/hdl/top2.v Line: 55
Info (12128): Elaborating entity "spimaster" for hierarchy "GetSignal:GetSignal_inst|spimaster:spimaster_inst" File: C:/projects/de0_nano_clap_clap_light/hdl/GetSignal.v Line: 46
Warning (10230): Verilog HDL assignment warning at spimaster.v(76): truncated value with size 32 to match size of target (2) File: C:/projects/de0_nano_clap_clap_light/hdl/spimaster.v Line: 76
Warning (10230): Verilog HDL assignment warning at spimaster.v(95): truncated value with size 32 to match size of target (5) File: C:/projects/de0_nano_clap_clap_light/hdl/spimaster.v Line: 95
Info (12128): Elaborating entity "driver" for hierarchy "GetSignal:GetSignal_inst|driver:driver_inst" File: C:/projects/de0_nano_clap_clap_light/hdl/GetSignal.v Line: 57
Warning (10230): Verilog HDL assignment warning at driver.v(47): truncated value with size 32 to match size of target (8) File: C:/projects/de0_nano_clap_clap_light/hdl/driver.v Line: 47
Info (12128): Elaborating entity "fifo" for hierarchy "GetSignal:GetSignal_inst|fifo:fifo_inst" File: C:/projects/de0_nano_clap_clap_light/hdl/GetSignal.v Line: 71
Warning (10230): Verilog HDL assignment warning at fifo.v(42): truncated value with size 32 to match size of target (3) File: C:/projects/de0_nano_clap_clap_light/hdl/fifo.v Line: 42
Warning (10230): Verilog HDL assignment warning at fifo.v(45): truncated value with size 32 to match size of target (1) File: C:/projects/de0_nano_clap_clap_light/hdl/fifo.v Line: 45
Warning (10230): Verilog HDL assignment warning at fifo.v(46): truncated value with size 32 to match size of target (1) File: C:/projects/de0_nano_clap_clap_light/hdl/fifo.v Line: 46
Warning (10230): Verilog HDL assignment warning at fifo.v(55): truncated value with size 32 to match size of target (3) File: C:/projects/de0_nano_clap_clap_light/hdl/fifo.v Line: 55
Warning (10230): Verilog HDL assignment warning at fifo.v(64): truncated value with size 32 to match size of target (2) File: C:/projects/de0_nano_clap_clap_light/hdl/fifo.v Line: 64
Warning (10230): Verilog HDL assignment warning at fifo.v(65): truncated value with size 32 to match size of target (3) File: C:/projects/de0_nano_clap_clap_light/hdl/fifo.v Line: 65
Warning (10230): Verilog HDL assignment warning at fifo.v(69): truncated value with size 32 to match size of target (2) File: C:/projects/de0_nano_clap_clap_light/hdl/fifo.v Line: 69
Warning (10230): Verilog HDL assignment warning at fifo.v(70): truncated value with size 32 to match size of target (3) File: C:/projects/de0_nano_clap_clap_light/hdl/fifo.v Line: 70
Info (12128): Elaborating entity "ComputeEnergy" for hierarchy "ComputeEnergy:ComputeEnergy_inst" File: C:/projects/de0_nano_clap_clap_light/hdl/top2.v Line: 70
Warning (10230): Verilog HDL assignment warning at ComputeEnergy.v(74): truncated value with size 32 to match size of target (16) File: C:/projects/de0_nano_clap_clap_light/hdl/ComputeEnergy.v Line: 74
Warning (10762): Verilog HDL Case Statement warning at ComputeEnergy.v(49): can't check case statement for completeness because the case expression has too many possible states File: C:/projects/de0_nano_clap_clap_light/hdl/ComputeEnergy.v Line: 49
Warning (10762): Verilog HDL Case Statement warning at ComputeEnergy.v(91): can't check case statement for completeness because the case expression has too many possible states File: C:/projects/de0_nano_clap_clap_light/hdl/ComputeEnergy.v Line: 91
Info (12128): Elaborating entity "DetermineClap" for hierarchy "DetermineClap:DetermineClap_inst" File: C:/projects/de0_nano_clap_clap_light/hdl/top2.v Line: 88
Warning (10762): Verilog HDL Case Statement warning at DetermineClap.v(92): can't check case statement for completeness because the case expression has too many possible states File: C:/projects/de0_nano_clap_clap_light/hdl/DetermineClap.v Line: 92
Warning (10230): Verilog HDL assignment warning at DetermineClap.v(184): truncated value with size 32 to match size of target (16) File: C:/projects/de0_nano_clap_clap_light/hdl/DetermineClap.v Line: 184
Warning (12241): 1 hierarchies have connectivity warnings - see the Connectivity Checks report folder
Info (144001): Generated suppressed messages file C:/projects/de0_nano_clap_clap_light/quartus/output_files/clap.map.smsg
Info: Quartus Prime Analysis & Elaboration was successful. 0 errors, 19 warnings
    Info: Peak virtual memory: 598 megabytes
    Info: Processing ended: Thu Dec 29 17:20:19 2016
    Info: Elapsed time: 00:00:13
    Info: Total CPU time (on all processors): 00:00:29


+--------------------------------------------+
; Analysis & Elaboration Suppressed Messages ;
+--------------------------------------------+
The suppressed messages can be found in C:/projects/de0_nano_clap_clap_light/quartus/output_files/clap.map.smsg.


