Flow report for clap
Sun Jan 01 21:51:24 2017
Quartus Prime Version 16.1.0 Build 196 10/24/2016 SJ Lite Edition


---------------------
; Table of Contents ;
---------------------
  1. Legal Notice
  2. Flow Summary
  3. Flow Settings
  4. Flow Non-Default Global Settings
  5. Flow Elapsed Time
  6. Flow OS Summary
  7. Flow Log
  8. Flow Messages
  9. Flow Suppressed Messages



----------------
; Legal Notice ;
----------------
Copyright (C) 2016  Intel Corporation. All rights reserved.
Your use of Intel Corporation's design tools, logic functions 
and other software and tools, and its AMPP partner logic 
functions, and any output files from any of the foregoing 
(including device programming or simulation files), and any 
associated documentation or information are expressly subject 
to the terms and conditions of the Intel Program License 
Subscription Agreement, the Intel Quartus Prime License Agreement,
the Intel MegaCore Function License Agreement, or other 
applicable license agreement, including, without limitation, 
that your use is for the sole purpose of programming logic 
devices manufactured by Intel and sold by Intel or its 
authorized distributors.  Please refer to the applicable 
agreement for further details.



+----------------------------------------------------------------------------------+
; Flow Summary                                                                     ;
+------------------------------------+---------------------------------------------+
; Flow Status                        ; Successful - Sun Jan 01 21:51:24 2017       ;
; Quartus Prime Version              ; 16.1.0 Build 196 10/24/2016 SJ Lite Edition ;
; Revision Name                      ; clap                                        ;
; Top-level Entity Name              ; top2                                        ;
; Family                             ; Cyclone IV E                                ;
; Device                             ; EP4CE22F17C6                                ;
; Timing Models                      ; Final                                       ;
; Total logic elements               ; 2,512 / 22,320 ( 11 % )                     ;
;     Total combinational functions  ; 1,990 / 22,320 ( 9 % )                      ;
;     Dedicated logic registers      ; 1,598 / 22,320 ( 7 % )                      ;
; Total registers                    ; 1598                                        ;
; Total pins                         ; 12 / 154 ( 8 % )                            ;
; Total virtual pins                 ; 0                                           ;
; Total memory bits                  ; 256 / 608,256 ( < 1 % )                     ;
; Embedded Multiplier 9-bit elements ; 2 / 132 ( 2 % )                             ;
; Total PLLs                         ; 1 / 4 ( 25 % )                              ;
+------------------------------------+---------------------------------------------+


+-----------------------------------------+
; Flow Settings                           ;
+-------------------+---------------------+
; Option            ; Setting             ;
+-------------------+---------------------+
; Start date & time ; 01/01/2017 21:49:30 ;
; Main task         ; Compilation         ;
; Revision Name     ; clap                ;
+-------------------+---------------------+


+------------------------------------------------------------------------------------------------------------------------------------------------------+
; Flow Non-Default Global Settings                                                                                                                     ;
+--------------------------------------+-----------------------------------------------------------+---------------+-------------+---------------------+
; Assignment Name                      ; Value                                                     ; Default Value ; Entity Name ; Section Id          ;
+--------------------------------------+-----------------------------------------------------------+---------------+-------------+---------------------+
; COMPILER_SIGNATURE_ID                ; 165929508663667.148332537011404                           ; --            ; --          ; --                  ;
; EDA_DESIGN_INSTANCE_NAME             ; NA                                                        ; --            ; --          ; GetSignal_testbench ;
; EDA_DESIGN_INSTANCE_NAME             ; NA                                                        ; --            ; --          ; testbench           ;
; EDA_NATIVELINK_SIMULATION_TEST_BENCH ; testbench                                                 ; --            ; --          ; eda_simulation      ;
; EDA_OUTPUT_DATA_FORMAT               ; Verilog Hdl                                               ; --            ; --          ; eda_simulation      ;
; EDA_SIMULATION_TOOL                  ; ModelSim-Altera (Verilog)                                 ; <None>        ; --          ; --                  ;
; EDA_TEST_BENCH_ENABLE_STATUS         ; TEST_BENCH_MODE                                           ; --            ; --          ; eda_simulation      ;
; EDA_TEST_BENCH_FILE                  ; ../hdl/GetSignal_testbench.v                              ; --            ; --          ; GetSignal_testbench ;
; EDA_TEST_BENCH_FILE                  ; ../hdl/testbench.v                                        ; --            ; --          ; testbench           ;
; EDA_TEST_BENCH_MODULE_NAME           ; GetSignal_testbench                                       ; --            ; --          ; GetSignal_testbench ;
; EDA_TEST_BENCH_MODULE_NAME           ; testbench                                                 ; --            ; --          ; testbench           ;
; EDA_TEST_BENCH_NAME                  ; GetSignal_testbench                                       ; --            ; --          ; eda_simulation      ;
; EDA_TEST_BENCH_NAME                  ; testbench                                                 ; --            ; --          ; eda_simulation      ;
; EDA_TIME_SCALE                       ; 1 ps                                                      ; --            ; --          ; eda_simulation      ;
; MAX_CORE_JUNCTION_TEMP               ; 85                                                        ; --            ; --          ; --                  ;
; MIN_CORE_JUNCTION_TEMP               ; 0                                                         ; --            ; --          ; --                  ;
; MISC_FILE                            ; ../hdl/debug_0/synthesis/../debug_0.cmp                   ; --            ; --          ; --                  ;
; MISC_FILE                            ; ../hdl/debug_0/synthesis/../../debug_0.qsys               ; --            ; --          ; --                  ;
; MISC_FILE                            ; ../hdl/altpll_0_bb.v                                      ; --            ; --          ; --                  ;
; MISC_FILE                            ; ../hdl/altpll_0.ppf                                       ; --            ; --          ; --                  ;
; OUTPUT_IO_TIMING_FAR_END_VMEAS       ; Half Signal Swing                                         ; --            ; --          ; --                  ;
; OUTPUT_IO_TIMING_FAR_END_VMEAS       ; Half Signal Swing                                         ; --            ; --          ; --                  ;
; OUTPUT_IO_TIMING_NEAR_END_VMEAS      ; Half Vccio                                                ; --            ; --          ; --                  ;
; OUTPUT_IO_TIMING_NEAR_END_VMEAS      ; Half Vccio                                                ; --            ; --          ; --                  ;
; PARTITION_COLOR                      ; -- (Not supported for targeted family)                    ; --            ; top2        ; Top                 ;
; PARTITION_FITTER_PRESERVATION_LEVEL  ; -- (Not supported for targeted family)                    ; --            ; top2        ; Top                 ;
; PARTITION_NETLIST_TYPE               ; -- (Not supported for targeted family)                    ; --            ; top2        ; Top                 ;
; POWER_BOARD_THERMAL_MODEL            ; None (CONSERVATIVE)                                       ; --            ; --          ; --                  ;
; POWER_PRESET_COOLING_SOLUTION        ; 23 MM HEAT SINK WITH 200 LFPM AIRFLOW                     ; --            ; --          ; --                  ;
; PROJECT_OUTPUT_DIRECTORY             ; output_files                                              ; --            ; --          ; --                  ;
; SLD_FILE                             ; ../hdl/debug_0/synthesis/debug_0.debuginfo                ; --            ; --          ; --                  ;
; SLD_INFO                             ; QSYS_NAME debug_0 HAS_SOPCINFO 1 GENERATION_ID 1483315216 ; --            ; debug_0     ; --                  ;
; SOPCINFO_FILE                        ; ../hdl/debug_0/synthesis/../../debug_0.sopcinfo           ; --            ; --          ; --                  ;
; SYNTHESIS_ONLY_QIP                   ; On                                                        ; --            ; --          ; --                  ;
; TOP_LEVEL_ENTITY                     ; top2                                                      ; clap          ; --          ; --                  ;
+--------------------------------------+-----------------------------------------------------------+---------------+-------------+---------------------+


+-------------------------------------------------------------------------------------------------------------------------------+
; Flow Elapsed Time                                                                                                             ;
+---------------------------+--------------+-------------------------+---------------------+------------------------------------+
; Module Name               ; Elapsed Time ; Average Processors Used ; Peak Virtual Memory ; Total CPU Time (on all processors) ;
+---------------------------+--------------+-------------------------+---------------------+------------------------------------+
; Analysis & Synthesis      ; 00:00:25     ; 1.0                     ; 648 MB              ; 00:00:47                           ;
; Fitter                    ; 00:01:07     ; 1.0                     ; 1168 MB             ; 00:01:16                           ;
; Assembler                 ; 00:00:02     ; 1.0                     ; 565 MB              ; 00:00:02                           ;
; TimeQuest Timing Analyzer ; 00:00:06     ; 1.2                     ; 676 MB              ; 00:00:06                           ;
; EDA Netlist Writer        ; 00:00:06     ; 1.0                     ; 550 MB              ; 00:00:05                           ;
; Total                     ; 00:01:46     ; --                      ; --                  ; 00:02:16                           ;
+---------------------------+--------------+-------------------------+---------------------+------------------------------------+


+-----------------------------------------------------------------------------------------+
; Flow OS Summary                                                                         ;
+---------------------------+------------------+------------+------------+----------------+
; Module Name               ; Machine Hostname ; OS Name    ; OS Version ; Processor type ;
+---------------------------+------------------+------------+------------+----------------+
; Analysis & Synthesis      ; DESKTOP-BCTRD9J  ; Windows 10 ; 10.0       ; x86_64         ;
; Fitter                    ; DESKTOP-BCTRD9J  ; Windows 10 ; 10.0       ; x86_64         ;
; Assembler                 ; DESKTOP-BCTRD9J  ; Windows 10 ; 10.0       ; x86_64         ;
; TimeQuest Timing Analyzer ; DESKTOP-BCTRD9J  ; Windows 10 ; 10.0       ; x86_64         ;
; EDA Netlist Writer        ; DESKTOP-BCTRD9J  ; Windows 10 ; 10.0       ; x86_64         ;
+---------------------------+------------------+------------+------------+----------------+


------------
; Flow Log ;
------------
quartus_map --read_settings_files=on --write_settings_files=off clap -c clap
quartus_fit --read_settings_files=off --write_settings_files=off clap -c clap
quartus_asm --read_settings_files=off --write_settings_files=off clap -c clap
quartus_sta clap -c clap
quartus_eda --read_settings_files=off --write_settings_files=off clap -c clap



