------------------------------------------------------------
TimeQuest Timing Analyzer Summary
------------------------------------------------------------

Type  : Slow 1200mV 85C Model Setup 'altpll_0_inst|altpll_component|auto_generated|pll1|clk[0]'
Slack : 1.076
TNS   : 0.000

Type  : Slow 1200mV 85C Model Hold 'altpll_0_inst|altpll_component|auto_generated|pll1|clk[0]'
Slack : 0.357
TNS   : 0.000

Type  : Slow 1200mV 85C Model Recovery 'altpll_0_inst|altpll_component|auto_generated|pll1|clk[0]'
Slack : 8.027
TNS   : 0.000

Type  : Slow 1200mV 85C Model Removal 'altpll_0_inst|altpll_component|auto_generated|pll1|clk[0]'
Slack : 0.997
TNS   : 0.000

Type  : Slow 1200mV 85C Model Minimum Pulse Width 'altpll_0_inst|altpll_component|auto_generated|pll1|clk[0]'
Slack : 4.746
TNS   : 0.000

Type  : Slow 1200mV 85C Model Minimum Pulse Width 'inclock'
Slack : 9.747
TNS   : 0.000

Type  : Slow 1200mV 0C Model Setup 'altpll_0_inst|altpll_component|auto_generated|pll1|clk[0]'
Slack : 2.061
TNS   : 0.000

Type  : Slow 1200mV 0C Model Hold 'altpll_0_inst|altpll_component|auto_generated|pll1|clk[0]'
Slack : 0.311
TNS   : 0.000

Type  : Slow 1200mV 0C Model Recovery 'altpll_0_inst|altpll_component|auto_generated|pll1|clk[0]'
Slack : 8.232
TNS   : 0.000

Type  : Slow 1200mV 0C Model Removal 'altpll_0_inst|altpll_component|auto_generated|pll1|clk[0]'
Slack : 0.902
TNS   : 0.000

Type  : Slow 1200mV 0C Model Minimum Pulse Width 'altpll_0_inst|altpll_component|auto_generated|pll1|clk[0]'
Slack : 4.739
TNS   : 0.000

Type  : Slow 1200mV 0C Model Minimum Pulse Width 'inclock'
Slack : 9.709
TNS   : 0.000

Type  : Fast 1200mV 0C Model Setup 'altpll_0_inst|altpll_component|auto_generated|pll1|clk[0]'
Slack : 4.862
TNS   : 0.000

Type  : Fast 1200mV 0C Model Hold 'altpll_0_inst|altpll_component|auto_generated|pll1|clk[0]'
Slack : 0.186
TNS   : 0.000

Type  : Fast 1200mV 0C Model Recovery 'altpll_0_inst|altpll_component|auto_generated|pll1|clk[0]'
Slack : 8.840
TNS   : 0.000

Type  : Fast 1200mV 0C Model Removal 'altpll_0_inst|altpll_component|auto_generated|pll1|clk[0]'
Slack : 0.549
TNS   : 0.000

Type  : Fast 1200mV 0C Model Minimum Pulse Width 'altpll_0_inst|altpll_component|auto_generated|pll1|clk[0]'
Slack : 4.781
TNS   : 0.000

Type  : Fast 1200mV 0C Model Minimum Pulse Width 'inclock'
Slack : 9.416
TNS   : 0.000

------------------------------------------------------------
